***********************************************************************************
*                                                                                 *
*  PPPPPPPPPPPP    L               U           U   M           M         A        *
*  P           P   L               U           U   MM         MM        A A       *
*  P           P   L               U           U   M M       M M       A   A      *
*  P           P   L               U           U   M  M     M  M      A     A     *
*  P           P   L               U           U   M   M   M   M     A       A    *
*  PPPPPPPPPPPP    L               U           U   M    M M    M    A         A   *
*  P               L               U           U   M     M     M   AAAAAAAAAAAAA  *
*  P               L               U           U   M           M   A           A  *
*  P               L               U           U   M           M   A           A  *
*  P               LLLLLLLLLLLLL    UUUUUUUUUUU    M           M   A           A  *
*                                                                                 *
*            [Plu]gin-based [M]icrobiome [A]nalysis (formerly MiAMi)              *
* (C) 2016, 2018 Bioinformatics Research Group, Florida International University  *
*    Under MIT License From Open Source Initiative (OSI), All Rights Reserved.    *
*                                                                                 *
*    Any professionally published work using PluMA should cite the following:     *
*                        T. Cickovski and G. Narasimhan.                          *
*                Constructing Lightweight and Flexible Pipelines                  *
*                 Using Plugin-Based Microbiome Analysis (PluMA)                  *
*                     Bioinformatics 34(17):2881-2888, 2018                       *
*                                                                                 *
***********************************************************************************
[PluMA] Running Plugin: Ridge
Index(['hiv_vload', 'fs_total', 'fd_is', 'shannon_index', 'simpson_index',
       'Rothia.01', 'Enterococcus.01', 'Parabacteroides.01', 'Odoribacter.01',
       'CF231.01',
       ...
       'HMDB60997', 'HMDB61112', 'HMDB61684', 'HMDB61690', 'HMDB61695',
       'HMDB61702', 'HMDB61705', 'HMDB61725', 'HMDB62551', 'HMDB62557'],
      dtype='object', length=220)
[ 11  12  13  14  15  24  33  37  44  45  47  53  54  60  65  72  73  76
  77  80  81  88  89  94 116 120 121 126 131 135 137 141 142 145 156 160
 165 167 172 180 181 185 186 187 190 194 197 203 205 206 211 212 213 214
 217 220 225 226 230 231 239 244 248 250 251 252 253 254 256 258 259 264
 265 267 272 274 280 282 296 310 314 319 325 326 327 330 331 335 342 347
 350 352 357 359 363 365 369 370 373 382 383 394 400 402 404 409 410 411
 414 416 418 423 430 433 436 438 439 442 444 447 450 454 461 469 472 474
 479 481 482 486 488 489 493 495 496 497 499 502 503 507 510 517 519 539
 545 547 550 559 567 576 577 578 579 580 584 587 590 597 598 602 604 605
 608 609 610 620 628 634 642 646 650 652 659 666 673 680 681 686 687 688
 689 691 693 694 695 703 708 712 715 716 725 727 730 733 734 735 741 745
 749 754 757 758 760 761 766 768 776 780 782 785 786 787 793 794 796 798
 799 803 804 805]
1
Index(['hiv_vload', 'fs_total', 'fd_is', 'shannon_index', 'simpson_index',
       'Rothia.01', 'Enterococcus.01', 'Parabacteroides.01', 'Odoribacter.01',
       'CF231.01',
       ...
       'HMDB60997', 'HMDB61112', 'HMDB61684', 'HMDB61690', 'HMDB61695',
       'HMDB61702', 'HMDB61705', 'HMDB61725', 'HMDB62551', 'HMDB62557'],
      dtype='object', length=220)
[ 11  12  13  14  15  24  33  37  44  45  47  53  54  60  65  72  73  76
  77  80  81  88  89  94 116 120 121 126 131 135 137 141 142 145 156 160
 165 167 172 180 181 185 186 187 190 194 197 203 205 206 211 212 213 214
 217 220 225 226 230 231 239 244 248 250 251 252 253 254 256 258 259 264
 265 267 272 274 280 282 296 310 314 319 325 326 327 330 331 335 342 347
 350 352 357 359 363 365 369 370 373 382 383 394 400 402 404 409 410 411
 414 416 418 423 430 433 436 438 439 442 444 447 450 454 461 469 472 474
 479 481 482 486 488 489 493 495 496 497 499 502 503 507 510 517 519 539
 545 547 550 559 567 576 577 578 579 580 584 587 590 597 598 602 604 605
 608 609 610 620 628 634 642 646 650 652 659 666 673 680 681 686 687 688
 689 691 693 694 695 703 708 712 715 716 725 727 730 733 734 735 741 745
 749 754 757 758 760 761 766 768 776 780 782 785 786 787 793 794 796 798
 799 803 804 805]
1
Training R^2: 1.00 
Test R^2: 0.78
